pakala_ccd_base.json
pakala_default_sensors.json
pakala_dynamic_sensors.json
pakala_dynamic_sensors_template.json
pakala_irq.json
pakala_power_0.json
pakala_lps22df_0.json
pakala_bu52053nvx_0.json
pakala_sht4x_0.json
pakala_sx932x_0.json
pakala_qmc6308_0.json
pakala_qmi8658_0.json
pakala_vertigo_lsm6dso_0.json
pakala_vertigo_lsm6dso_1.json
pakala_lsm6dso_0.json
pakala_lsm6dso_1.json
pakala_hdk_lsm6dso_0.json
pakala_hdk_lsm6dso_1.json
pakala_mtp_lsm6dso_0.json
pakala_mtp_lsm6dso_1.json
pakala_qrd_icm4x6xx_0.json
pakala_qsh_ble_0.json
pakala_mmc56x3x_0.json
pakala_qrd_mmc56x3x_0.json
pakala_fcal_mmc56x3x_0.json
pakala_mtp_mmc56x3x_0.json
pakala_vertigo_mmc56x3x_0.json
pakala_tmd3765_0.json
pakala_qrd_tmd3765_0.json
pakala_qrd_default_sensors.json
bonito_ccd_base.json
bonito_default_sensors.json
bonito_dynamic_sensors.json
bonito_dynamic_sensors_template.json
bonito_irq.json
bonito_power_0.json
bonito_lps22df_0.json
bonito_bu52053nvx_0.json
bonito_sht4x_0.json
bonito_sx932x_0.json
bonito_vertigo_lsm6dso_0.json
bonito_vertigo_lsm6dso_1.json
bonito_lsm6dso_0.json
bonito_lsm6dso_1.json
bonito_hdk_lsm6dso_0.json
bonito_hdk_lsm6dso_1.json
bonito_mtp_lsm6dso_0.json
bonito_mtp_lsm6dso_1.json
bonito_qrd_icm4x6xx_0.json
bonito_qsh_ble_0.json
bonito_mmc56x3x_0.json
bonito_qrd_mmc56x3x_0.json
bonito_fcal_mmc56x3x_0.json
bonito_mtp_mmc56x3x_0.json
bonito_vertigo_mmc56x3x_0.json
bonito_tmd3765_0.json
bonito_qrd_tmd3765_0.json
bonito_qrd_default_sensors.json
eliza_ccd_base.json
eliza_default_sensors.json
eliza_dynamic_sensors.json
eliza_dynamic_sensors_template.json
eliza_irq.json
eliza_power_0.json
eliza_lps22df_0.json
eliza_bu52053nvx_0.json
eliza_sht4x_0.json
eliza_sx932x_0.json
eliza_vertigo_lsm6dso_0.json
eliza_vertigo_lsm6dso_1.json
eliza_lsm6dso_0.json
eliza_lsm6dso_1.json
eliza_hdk_lsm6dso_0.json
eliza_hdk_lsm6dso_1.json
eliza_mtp_lsm6dso_0.json
eliza_mtp_lsm6dso_1.json
eliza_qrd_icm4x6xx_0.json
eliza_mmc56x3x_0.json
eliza_qrd_mmc56x3x_0.json
eliza_fcal_mmc56x3x_0.json
eliza_mtp_mmc56x3x_0.json
eliza_vertigo_mmc56x3x_0.json
eliza_tmd2755_0.json
eliza_qrd_tmd2755_0.json
eliza_qrd_default_sensors.json
qsh_camera_common.json
qsh_camera_imx688_4.json
qsh_camera_imx688_6.json
qsh_camera_imx688_6_actuator.json
qsh_camera_ov32c4c_4.json
qsh_camera_common_sm8735.json
qsh_camera_ov32c4c_4_sm8735.json
sns_amd.json
sns_amd_sw_disabled.json
sns_amd_sw_enabled.json
sns_aont.json
sns_basic_gestures.json
sns_bring_to_ear.json
sns_ccd_v1_0_amd.json
sns_ccd_v1_0_ttw.json
sns_ccd_v2_0_walk.json
sns_ccd_v3_0_walk.json
sns_ccd_v3_1_walk.json
sns_ccd_v4_0_sensors.json
sns_ccd_v4_0_te_cd_regs.json
sns_ccd_v5_0.json
sns_ccd_v6_0.json
sns_ccd_v5_0_te_cd_regs.json
sns_ccd_v5_1_te_cd_regs.json
sns_ccd_v6_0_te_cd_regs.json
sns_ccd_v6_0_sensors.json
sns_cm.json
sns_dae.json
sns_device_orient.json
sns_diag_filter.json
sns_direct_channel.json
sns_distance_bound.json
sns_dpc.json
sns_facing.json
sns_flight_md.json
sns_fmv.json
sns_fmv_legacy.json
sns_gyro_cal.json
sns_heart_rate.json
sns_mag_cal.json
sns_mag_cal_legacy.json
sns_multishake.json
sns_offbody_detect_phone.json
sns_pedometer.json
sns_presence_detect.json
sns_psd_disable.json
sns_psd_enable.json
sns_rmd.json
sns_rotv.json
sns_smd.json
sns_tilt.json
sns_tilt_sw_disabled.json
sns_tilt_sw_enabled.json
sns_tilt_to_wake.json
sns_transport_ppe.json
sns_wrist_pedo.json
qsh_ble.json
